<?xml version="1.0" encoding="UTF-8"?>
<testsuites name="jest tests" tests="3" failures="0" errors="0" time="2.159">
  <testsuite name="context menu configuration" errors="0" failures="0" skipped="0" timestamp="2025-12-23T01:28:32" time="1.176" tests="3">
    <testcase classname="context menu configuration should define all expected context menu commands" name="context menu configuration should define all expected context menu commands" time="0.001">
    </testcase>
    <testcase classname="context menu configuration should target .jp-LauncherCard selector for all commands" name="context menu configuration should target .jp-LauncherCard selector for all commands" time="0">
    </testcase>
    <testcase classname="context menu configuration should have correct menu item order by rank" name="context menu configuration should have correct menu item order by rank" time="0.001">
    </testcase>
  </testsuite>
</testsuites>